[0.125s] Invoking command in '/workspace/build/gz_ros_bridge': CMAKE_PREFIX_PATH=${CMAKE_PREFIX_PATH}:/workspace/install/lidar_processing:/workspace/install/drone_control:/opt/ros/humble /usr/bin/cmake --build /workspace/build/gz_ros_bridge -- -j16 -l16
[0.236s] -- Found ament_cmake: 1.3.14 (/opt/ros/humble/share/ament_cmake/cmake)
[0.291s] -- Configuring done
[0.293s] -- Generating done
[0.294s] -- Build files have been written to: /workspace/build/gz_ros_bridge
[0.308s] Invoked command in '/workspace/build/gz_ros_bridge' returned '0': CMAKE_PREFIX_PATH=${CMAKE_PREFIX_PATH}:/workspace/install/lidar_processing:/workspace/install/drone_control:/opt/ros/humble /usr/bin/cmake --build /workspace/build/gz_ros_bridge -- -j16 -l16
[0.315s] Invoking command in '/workspace/build/gz_ros_bridge': CMAKE_PREFIX_PATH=${CMAKE_PREFIX_PATH}:/workspace/install/lidar_processing:/workspace/install/drone_control:/opt/ros/humble /usr/bin/cmake --install /workspace/build/gz_ros_bridge
[0.320s] -- Install configuration: ""
[0.320s] -- Up-to-date: /workspace/install/gz_ros_bridge/share/gz_ros_bridge/launch
[0.321s] -- Up-to-date: /workspace/install/gz_ros_bridge/share/gz_ros_bridge/launch/bridge.launch.py
[0.321s] -- Up-to-date: /workspace/install/gz_ros_bridge/share/gz_ros_bridge/config
[0.321s] -- Installing: /workspace/install/gz_ros_bridge/share/gz_ros_bridge/config/bridge.yaml
[0.321s] -- Up-to-date: /workspace/install/gz_ros_bridge/share/ament_index/resource_index/package_run_dependencies/gz_ros_bridge
[0.321s] -- Installing: /workspace/install/gz_ros_bridge/share/ament_index/resource_index/parent_prefix_path/gz_ros_bridge
[0.321s] -- Installing: /workspace/install/gz_ros_bridge/share/gz_ros_bridge/environment/ament_prefix_path.sh
[0.321s] -- Installing: /workspace/install/gz_ros_bridge/share/gz_ros_bridge/environment/ament_prefix_path.dsv
[0.321s] -- Installing: /workspace/install/gz_ros_bridge/share/gz_ros_bridge/environment/path.sh
[0.321s] -- Installing: /workspace/install/gz_ros_bridge/share/gz_ros_bridge/environment/path.dsv
[0.321s] -- Up-to-date: /workspace/install/gz_ros_bridge/share/gz_ros_bridge/local_setup.bash
[0.322s] -- Up-to-date: /workspace/install/gz_ros_bridge/share/gz_ros_bridge/local_setup.sh
[0.322s] -- Up-to-date: /workspace/install/gz_ros_bridge/share/gz_ros_bridge/local_setup.zsh
[0.322s] -- Installing: /workspace/install/gz_ros_bridge/share/gz_ros_bridge/local_setup.dsv
[0.322s] -- Installing: /workspace/install/gz_ros_bridge/share/gz_ros_bridge/package.dsv
[0.322s] -- Up-to-date: /workspace/install/gz_ros_bridge/share/ament_index/resource_index/packages/gz_ros_bridge
[0.322s] -- Up-to-date: /workspace/install/gz_ros_bridge/share/gz_ros_bridge/cmake/gz_ros_bridgeConfig.cmake
[0.322s] -- Up-to-date: /workspace/install/gz_ros_bridge/share/gz_ros_bridge/cmake/gz_ros_bridgeConfig-version.cmake
[0.322s] -- Up-to-date: /workspace/install/gz_ros_bridge/share/gz_ros_bridge/package.xml
[0.323s] Invoked command in '/workspace/build/gz_ros_bridge' returned '0': CMAKE_PREFIX_PATH=${CMAKE_PREFIX_PATH}:/workspace/install/lidar_processing:/workspace/install/drone_control:/opt/ros/humble /usr/bin/cmake --install /workspace/build/gz_ros_bridge
