[0.437s] Invoking command in '/workspace/src/lidar_processing': PYTHONPATH=/workspace/build/lidar_processing/prefix_override:/usr/lib/python3/dist-packages/colcon_core/task/python/colcon_distutils_commands:/workspace/install/lidar_processing/lib/python3.10/site-packages:${PYTHONPATH} /usr/bin/python3 -W ignore:setup.py install is deprecated -W ignore:easy_install command is deprecated setup.py egg_info --egg-base ../../build/lidar_processing build --build-base /workspace/build/lidar_processing/build install --record /workspace/build/lidar_processing/install.log --install-scripts $base/lib/lidar_processing --single-version-externally-managed install_data
[0.565s] running egg_info
[0.571s] creating ../../build/lidar_processing/lidar_processing.egg-info
[0.571s] writing ../../build/lidar_processing/lidar_processing.egg-info/PKG-INFO
[0.571s] writing dependency_links to ../../build/lidar_processing/lidar_processing.egg-info/dependency_links.txt
[0.571s] writing entry points to ../../build/lidar_processing/lidar_processing.egg-info/entry_points.txt
[0.571s] writing requirements to ../../build/lidar_processing/lidar_processing.egg-info/requires.txt
[0.571s] writing top-level names to ../../build/lidar_processing/lidar_processing.egg-info/top_level.txt
[0.572s] writing manifest file '../../build/lidar_processing/lidar_processing.egg-info/SOURCES.txt'
[0.585s] reading manifest file '../../build/lidar_processing/lidar_processing.egg-info/SOURCES.txt'
[0.586s] writing manifest file '../../build/lidar_processing/lidar_processing.egg-info/SOURCES.txt'
[0.586s] running build
[0.586s] running build_py
[0.586s] creating /workspace/build/lidar_processing/build/lib/lidar_processing
[0.586s] copying lidar_processing/__init__.py -> /workspace/build/lidar_processing/build/lib/lidar_processing
[0.586s] copying lidar_processing/lidar_tilt_stabilizer_node.py -> /workspace/build/lidar_processing/build/lib/lidar_processing
[0.586s] running install
[0.588s] running install_lib
[0.595s] creating /workspace/install/lidar_processing/lib/python3.10/site-packages/lidar_processing
[0.595s] copying /workspace/build/lidar_processing/build/lib/lidar_processing/__init__.py -> /workspace/install/lidar_processing/lib/python3.10/site-packages/lidar_processing
[0.595s] copying /workspace/build/lidar_processing/build/lib/lidar_processing/lidar_tilt_stabilizer_node.py -> /workspace/install/lidar_processing/lib/python3.10/site-packages/lidar_processing
[0.595s] byte-compiling /workspace/install/lidar_processing/lib/python3.10/site-packages/lidar_processing/__init__.py to __init__.cpython-310.pyc
[0.595s] byte-compiling /workspace/install/lidar_processing/lib/python3.10/site-packages/lidar_processing/lidar_tilt_stabilizer_node.py to lidar_tilt_stabilizer_node.cpython-310.pyc
[0.596s] running install_data
[0.596s] creating /workspace/install/lidar_processing/share/ament_index/resource_index/packages
[0.596s] copying resource/lidar_processing -> /workspace/install/lidar_processing/share/ament_index/resource_index/packages
[0.596s] copying package.xml -> /workspace/install/lidar_processing/share/lidar_processing
[0.596s] creating /workspace/install/lidar_processing/share/lidar_processing/config
[0.596s] copying config/lidar_tilt_stabilizer.yaml -> /workspace/install/lidar_processing/share/lidar_processing/config
[0.597s] creating /workspace/install/lidar_processing/share/lidar_processing/launch
[0.597s] copying launch/lidar_stabilization_launch.py -> /workspace/install/lidar_processing/share/lidar_processing/launch
[0.597s] running install_egg_info
[0.604s] Copying ../../build/lidar_processing/lidar_processing.egg-info to /workspace/install/lidar_processing/lib/python3.10/site-packages/lidar_processing-0.0.1-py3.10.egg-info
[0.604s] running install_scripts
[0.618s] Installing lidar_tilt_stabilizer_node script to /workspace/install/lidar_processing/lib/lidar_processing
[0.618s] writing list of installed files to '/workspace/build/lidar_processing/install.log'
[0.639s] Invoked command in '/workspace/src/lidar_processing' returned '0': PYTHONPATH=/workspace/build/lidar_processing/prefix_override:/usr/lib/python3/dist-packages/colcon_core/task/python/colcon_distutils_commands:/workspace/install/lidar_processing/lib/python3.10/site-packages:${PYTHONPATH} /usr/bin/python3 -W ignore:setup.py install is deprecated -W ignore:easy_install command is deprecated setup.py egg_info --egg-base ../../build/lidar_processing build --build-base /workspace/build/lidar_processing/build install --record /workspace/build/lidar_processing/install.log --install-scripts $base/lib/lidar_processing --single-version-externally-managed install_data
