[0.013s] Invoking command in '/workspace/build/rf2o_laser_odometry': CMAKE_PREFIX_PATH=${CMAKE_PREFIX_PATH}:/workspace/install/lidar_processing:/workspace/install/drone_control:/opt/ros/humble /usr/bin/cmake /workspace/src/rf2o_laser_odometry -DCMAKE_INSTALL_PREFIX=/workspace/install/rf2o_laser_odometry
[0.087s] -- The C compiler identification is GNU 11.4.0
[0.152s] -- The CXX compiler identification is GNU 11.4.0
[0.163s] -- Detecting C compiler ABI info
[0.215s] -- Detecting C compiler ABI info - done
[0.221s] -- Check for working C compiler: /usr/lib/ccache/cc - skipped
[0.221s] -- Detecting C compile features
[0.221s] -- Detecting C compile features - done
[0.224s] -- Detecting CXX compiler ABI info
[0.285s] -- Detecting CXX compiler ABI info - done
[0.290s] -- Check for working CXX compiler: /usr/lib/ccache/c++ - skipped
[0.290s] -- Detecting CXX compile features
[0.291s] -- Detecting CXX compile features - done
[0.299s] -- Found ament_cmake: 1.3.14 (/opt/ros/humble/share/ament_cmake/cmake)
[0.661s] -- Found Python3: /usr/bin/python3 (found version "3.10.12") found components: Interpreter 
[0.767s] -- Found rclcpp: 16.0.19 (/opt/ros/humble/share/rclcpp/cmake)
[0.822s] -- Found rosidl_generator_c: 3.1.9 (/opt/ros/humble/share/rosidl_generator_c/cmake)
[0.831s] -- Found rosidl_adapter: 3.1.9 (/opt/ros/humble/share/rosidl_adapter/cmake)
[0.842s] -- Found rosidl_generator_cpp: 3.1.9 (/opt/ros/humble/share/rosidl_generator_cpp/cmake)
[0.859s] -- Using all available rosidl_typesupport_c: rosidl_typesupport_fastrtps_c;rosidl_typesupport_introspection_c
[0.879s] -- Using all available rosidl_typesupport_cpp: rosidl_typesupport_fastrtps_cpp;rosidl_typesupport_introspection_cpp
[0.935s] -- Found rmw_implementation_cmake: 6.1.3 (/opt/ros/humble/share/rmw_implementation_cmake/cmake)
[0.939s] -- Found rmw_fastrtps_cpp: 6.2.10 (/opt/ros/humble/share/rmw_fastrtps_cpp/cmake)
[1.046s] -- Found OpenSSL: /usr/lib/x86_64-linux-gnu/libcrypto.so (found version "3.0.2")  
[1.076s] -- Found FastRTPS: /opt/ros/humble/include  
[1.121s] -- Using RMW implementation 'rmw_fastrtps_cpp' as default
[1.135s] -- Looking for pthread.h
[1.187s] -- Looking for pthread.h - found
[1.187s] -- Performing Test CMAKE_HAVE_LIBC_PTHREAD
[1.238s] -- Performing Test CMAKE_HAVE_LIBC_PTHREAD - Success
[1.239s] -- Found Threads: TRUE  
[1.306s] -- Found geometry_msgs: 4.9.2 (/opt/ros/humble/share/geometry_msgs/cmake)
[1.320s] -- Found tf2_geometry_msgs: 0.25.22 (/opt/ros/humble/share/tf2_geometry_msgs/cmake)
[1.340s] -- Found eigen3_cmake_module: 0.1.1 (/opt/ros/humble/share/eigen3_cmake_module/cmake)
[1.341s] -- Found Eigen3: TRUE (found version "3.4.0") 
[1.341s] -- Ensuring Eigen3 include directory is part of orocos-kdl CMake target
[1.461s] -- Found sensor_msgs: 4.9.2 (/opt/ros/humble/share/sensor_msgs/cmake)
[1.479s] -- Found nav_msgs: 4.9.2 (/opt/ros/humble/share/nav_msgs/cmake)
[1.510s] -- Found Boost: /usr/lib/x86_64-linux-gnu/cmake/Boost-1.74.0/BoostConfig.cmake (found version "1.74.0")  
[1.579s] -- Configuring done
[1.594s] -- Generating done
[1.601s] -- Build files have been written to: /workspace/build/rf2o_laser_odometry
[1.610s] Invoked command in '/workspace/build/rf2o_laser_odometry' returned '0': CMAKE_PREFIX_PATH=${CMAKE_PREFIX_PATH}:/workspace/install/lidar_processing:/workspace/install/drone_control:/opt/ros/humble /usr/bin/cmake /workspace/src/rf2o_laser_odometry -DCMAKE_INSTALL_PREFIX=/workspace/install/rf2o_laser_odometry
[1.611s] Invoking command in '/workspace/build/rf2o_laser_odometry': CMAKE_PREFIX_PATH=${CMAKE_PREFIX_PATH}:/workspace/install/lidar_processing:/workspace/install/drone_control:/opt/ros/humble /usr/bin/cmake --build /workspace/build/rf2o_laser_odometry -- -j16 -l16
[1.655s] [ 60%] [32mBuilding CXX object CMakeFiles/rf2o_laser_odometry.dir/src/CLaserOdometry2D.cpp.o[0m
[1.655s] [ 60%] [32mBuilding CXX object CMakeFiles/rf2o_laser_odometry_node.dir/src/CLaserOdometry2D.cpp.o[0m
[1.655s] [ 60%] [32mBuilding CXX object CMakeFiles/rf2o_laser_odometry_node.dir/src/CLaserOdometry2DNode.cpp.o[0m
[1.813s] [100%] [32m[1mLinking CXX executable rf2o_laser_odometry_node[0m
[1.813s] [100%] [32m[1mLinking CXX static library librf2o_laser_odometry.a[0m
[2.023s] [100%] Built target rf2o_laser_odometry
[3.135s] [100%] Built target rf2o_laser_odometry_node
[3.143s] Invoked command in '/workspace/build/rf2o_laser_odometry' returned '0': CMAKE_PREFIX_PATH=${CMAKE_PREFIX_PATH}:/workspace/install/lidar_processing:/workspace/install/drone_control:/opt/ros/humble /usr/bin/cmake --build /workspace/build/rf2o_laser_odometry -- -j16 -l16
[3.152s] Invoking command in '/workspace/build/rf2o_laser_odometry': CMAKE_PREFIX_PATH=${CMAKE_PREFIX_PATH}:/workspace/install/lidar_processing:/workspace/install/drone_control:/opt/ros/humble /usr/bin/cmake --install /workspace/build/rf2o_laser_odometry
[3.157s] -- Install configuration: ""
[3.157s] -- Installing: /workspace/install/rf2o_laser_odometry/lib/rf2o_laser_odometry/rf2o_laser_odometry_node
[3.163s] -- Set runtime path of "/workspace/install/rf2o_laser_odometry/lib/rf2o_laser_odometry/rf2o_laser_odometry_node" to ""
[3.163s] -- Installing: /workspace/install/rf2o_laser_odometry/share/rf2o_laser_odometry/launch
[3.164s] -- Installing: /workspace/install/rf2o_laser_odometry/share/rf2o_laser_odometry/launch/rf2o_laser_odometry.launch.py
[3.164s] -- Installing: /workspace/install/rf2o_laser_odometry/share/ament_index/resource_index/package_run_dependencies/rf2o_laser_odometry
[3.164s] -- Installing: /workspace/install/rf2o_laser_odometry/share/ament_index/resource_index/parent_prefix_path/rf2o_laser_odometry
[3.164s] -- Installing: /workspace/install/rf2o_laser_odometry/share/rf2o_laser_odometry/environment/ament_prefix_path.sh
[3.165s] -- Installing: /workspace/install/rf2o_laser_odometry/share/rf2o_laser_odometry/environment/ament_prefix_path.dsv
[3.165s] -- Installing: /workspace/install/rf2o_laser_odometry/share/rf2o_laser_odometry/environment/path.sh
[3.165s] -- Installing: /workspace/install/rf2o_laser_odometry/share/rf2o_laser_odometry/environment/path.dsv
[3.165s] -- Installing: /workspace/install/rf2o_laser_odometry/share/rf2o_laser_odometry/local_setup.bash
[3.165s] -- Installing: /workspace/install/rf2o_laser_odometry/share/rf2o_laser_odometry/local_setup.sh
[3.165s] -- Installing: /workspace/install/rf2o_laser_odometry/share/rf2o_laser_odometry/local_setup.zsh
[3.165s] -- Installing: /workspace/install/rf2o_laser_odometry/share/rf2o_laser_odometry/local_setup.dsv
[3.165s] -- Installing: /workspace/install/rf2o_laser_odometry/share/rf2o_laser_odometry/package.dsv
[3.165s] -- Installing: /workspace/install/rf2o_laser_odometry/share/ament_index/resource_index/packages/rf2o_laser_odometry
[3.165s] -- Installing: /workspace/install/rf2o_laser_odometry/share/rf2o_laser_odometry/cmake/rf2o_laser_odometryConfig.cmake
[3.165s] -- Installing: /workspace/install/rf2o_laser_odometry/share/rf2o_laser_odometry/cmake/rf2o_laser_odometryConfig-version.cmake
[3.166s] -- Installing: /workspace/install/rf2o_laser_odometry/share/rf2o_laser_odometry/package.xml
[3.168s] Invoked command in '/workspace/build/rf2o_laser_odometry' returned '0': CMAKE_PREFIX_PATH=${CMAKE_PREFIX_PATH}:/workspace/install/lidar_processing:/workspace/install/drone_control:/opt/ros/humble /usr/bin/cmake --install /workspace/build/rf2o_laser_odometry
