[0.232s] Invoking command in '/workspace/build/rf2o_laser_odometry': CMAKE_PREFIX_PATH=${CMAKE_PREFIX_PATH}:/workspace/install/lidar_processing:/workspace/install/drone_control:/opt/ros/humble /usr/bin/cmake --build /workspace/build/rf2o_laser_odometry -- -j16 -l16
[0.261s] -- Found ament_cmake: 1.3.14 (/opt/ros/humble/share/ament_cmake/cmake)
[0.344s] -- Found rclcpp: 16.0.21 (/opt/ros/humble/share/rclcpp/cmake)
[0.370s] -- Found rosidl_generator_c: 3.1.9 (/opt/ros/humble/share/rosidl_generator_c/cmake)
[0.373s] -- Found rosidl_adapter: 3.1.9 (/opt/ros/humble/share/rosidl_adapter/cmake)
[0.378s] -- Found rosidl_generator_cpp: 3.1.9 (/opt/ros/humble/share/rosidl_generator_cpp/cmake)
[0.386s] -- Using all available rosidl_typesupport_c: rosidl_typesupport_fastrtps_c;rosidl_typesupport_introspection_c
[0.396s] -- Using all available rosidl_typesupport_cpp: rosidl_typesupport_fastrtps_cpp;rosidl_typesupport_introspection_cpp
[0.423s] -- Found rmw_implementation_cmake: 6.1.4 (/opt/ros/humble/share/rmw_implementation_cmake/cmake)
[0.425s] -- Found rmw_fastrtps_cpp: 6.2.10 (/opt/ros/humble/share/rmw_fastrtps_cpp/cmake)
[0.512s] -- Using RMW implementation 'rmw_fastrtps_cpp' as default
[0.554s] -- Found geometry_msgs: 4.9.2 (/opt/ros/humble/share/geometry_msgs/cmake)
[0.563s] -- Found tf2_geometry_msgs: 0.25.23 (/opt/ros/humble/share/tf2_geometry_msgs/cmake)
[0.567s] -- Found eigen3_cmake_module: 0.1.1 (/opt/ros/humble/share/eigen3_cmake_module/cmake)
[0.568s] -- Ensuring Eigen3 include directory is part of orocos-kdl CMake target
[0.633s] -- Found sensor_msgs: 4.9.2 (/opt/ros/humble/share/sensor_msgs/cmake)
[0.645s] -- Found nav_msgs: 4.9.2 (/opt/ros/humble/share/nav_msgs/cmake)
[0.710s] -- Configuring done
[0.721s] -- Generating done
[0.724s] -- Build files have been written to: /workspace/build/rf2o_laser_odometry
[0.745s] [35m[1mConsolidate compiler generated dependencies of target rf2o_laser_odometry[0m
[0.746s] [35m[1mConsolidate compiler generated dependencies of target rf2o_laser_odometry_node[0m
[0.774s] [ 40%] Built target rf2o_laser_odometry
[0.778s] [100%] Built target rf2o_laser_odometry_node
[0.786s] Invoked command in '/workspace/build/rf2o_laser_odometry' returned '0': CMAKE_PREFIX_PATH=${CMAKE_PREFIX_PATH}:/workspace/install/lidar_processing:/workspace/install/drone_control:/opt/ros/humble /usr/bin/cmake --build /workspace/build/rf2o_laser_odometry -- -j16 -l16
[0.787s] Invoking command in '/workspace/build/rf2o_laser_odometry': CMAKE_PREFIX_PATH=${CMAKE_PREFIX_PATH}:/workspace/install/lidar_processing:/workspace/install/drone_control:/opt/ros/humble /usr/bin/cmake --install /workspace/build/rf2o_laser_odometry
[0.794s] -- Install configuration: ""
[0.794s] -- Up-to-date: /workspace/install/rf2o_laser_odometry/lib/rf2o_laser_odometry/rf2o_laser_odometry_node
[0.794s] -- Up-to-date: /workspace/install/rf2o_laser_odometry/share/rf2o_laser_odometry/launch
[0.794s] -- Installing: /workspace/install/rf2o_laser_odometry/share/rf2o_laser_odometry/launch/rf2o_laser_odometry.launch.py
[0.795s] -- Up-to-date: /workspace/install/rf2o_laser_odometry/share/ament_index/resource_index/package_run_dependencies/rf2o_laser_odometry
[0.795s] -- Installing: /workspace/install/rf2o_laser_odometry/share/ament_index/resource_index/parent_prefix_path/rf2o_laser_odometry
[0.795s] -- Installing: /workspace/install/rf2o_laser_odometry/share/rf2o_laser_odometry/environment/ament_prefix_path.sh
[0.795s] -- Installing: /workspace/install/rf2o_laser_odometry/share/rf2o_laser_odometry/environment/ament_prefix_path.dsv
[0.795s] -- Installing: /workspace/install/rf2o_laser_odometry/share/rf2o_laser_odometry/environment/path.sh
[0.795s] -- Installing: /workspace/install/rf2o_laser_odometry/share/rf2o_laser_odometry/environment/path.dsv
[0.795s] -- Up-to-date: /workspace/install/rf2o_laser_odometry/share/rf2o_laser_odometry/local_setup.bash
[0.795s] -- Up-to-date: /workspace/install/rf2o_laser_odometry/share/rf2o_laser_odometry/local_setup.sh
[0.795s] -- Up-to-date: /workspace/install/rf2o_laser_odometry/share/rf2o_laser_odometry/local_setup.zsh
[0.795s] -- Installing: /workspace/install/rf2o_laser_odometry/share/rf2o_laser_odometry/local_setup.dsv
[0.795s] -- Installing: /workspace/install/rf2o_laser_odometry/share/rf2o_laser_odometry/package.dsv
[0.795s] -- Up-to-date: /workspace/install/rf2o_laser_odometry/share/ament_index/resource_index/packages/rf2o_laser_odometry
[0.795s] -- Up-to-date: /workspace/install/rf2o_laser_odometry/share/rf2o_laser_odometry/cmake/rf2o_laser_odometryConfig.cmake
[0.795s] -- Up-to-date: /workspace/install/rf2o_laser_odometry/share/rf2o_laser_odometry/cmake/rf2o_laser_odometryConfig-version.cmake
[0.795s] -- Installing: /workspace/install/rf2o_laser_odometry/share/rf2o_laser_odometry/package.xml
[0.797s] Invoked command in '/workspace/build/rf2o_laser_odometry' returned '0': CMAKE_PREFIX_PATH=${CMAKE_PREFIX_PATH}:/workspace/install/lidar_processing:/workspace/install/drone_control:/opt/ros/humble /usr/bin/cmake --install /workspace/build/rf2o_laser_odometry
