[0.451s] Invoking command in '/workspace/src/drone_control': PYTHONPATH=/workspace/build/drone_control/prefix_override:/usr/lib/python3/dist-packages/colcon_core/task/python/colcon_distutils_commands:/workspace/install/drone_control/lib/python3.10/site-packages:${PYTHONPATH} /usr/bin/python3 -W ignore:setup.py install is deprecated -W ignore:easy_install command is deprecated setup.py egg_info --egg-base ../../build/drone_control build --build-base /workspace/build/drone_control/build install --record /workspace/build/drone_control/install.log --install-scripts $base/lib/drone_control --single-version-externally-managed install_data
[0.573s] running egg_info
[0.579s] creating ../../build/drone_control/drone_control.egg-info
[0.579s] writing ../../build/drone_control/drone_control.egg-info/PKG-INFO
[0.580s] writing dependency_links to ../../build/drone_control/drone_control.egg-info/dependency_links.txt
[0.580s] writing requirements to ../../build/drone_control/drone_control.egg-info/requires.txt
[0.580s] writing top-level names to ../../build/drone_control/drone_control.egg-info/top_level.txt
[0.580s] writing manifest file '../../build/drone_control/drone_control.egg-info/SOURCES.txt'
[0.594s] reading manifest file '../../build/drone_control/drone_control.egg-info/SOURCES.txt'
[0.594s] writing manifest file '../../build/drone_control/drone_control.egg-info/SOURCES.txt'
[0.594s] running build
[0.594s] running build_py
[0.594s] creating /workspace/build/drone_control/build/lib/drone_control
[0.594s] copying drone_control/init.py -> /workspace/build/drone_control/build/lib/drone_control
[0.594s] running install
[0.597s] running install_lib
[0.603s] creating /workspace/install/drone_control/lib/python3.10/site-packages/drone_control
[0.603s] copying /workspace/build/drone_control/build/lib/drone_control/init.py -> /workspace/install/drone_control/lib/python3.10/site-packages/drone_control
[0.603s] byte-compiling /workspace/install/drone_control/lib/python3.10/site-packages/drone_control/init.py to init.cpython-310.pyc
[0.604s] running install_data
[0.604s] creating /workspace/install/drone_control/share/ament_index/resource_index/packages
[0.604s] copying resource/drone_control -> /workspace/install/drone_control/share/ament_index/resource_index/packages
[0.604s] copying package.xml -> /workspace/install/drone_control/share/drone_control
[0.604s] creating /workspace/install/drone_control/share/drone_control/launch
[0.604s] copying launch/slam.launch.py -> /workspace/install/drone_control/share/drone_control/launch
[0.604s] creating /workspace/install/drone_control/share/drone_control/config
[0.604s] copying config/slam_toolbox.yaml -> /workspace/install/drone_control/share/drone_control/config
[0.604s] running install_egg_info
[0.611s] Copying ../../build/drone_control/drone_control.egg-info to /workspace/install/drone_control/lib/python3.10/site-packages/drone_control-0.1.0-py3.10.egg-info
[0.612s] running install_scripts
[0.625s] writing list of installed files to '/workspace/build/drone_control/install.log'
[0.641s] Invoked command in '/workspace/src/drone_control' returned '0': PYTHONPATH=/workspace/build/drone_control/prefix_override:/usr/lib/python3/dist-packages/colcon_core/task/python/colcon_distutils_commands:/workspace/install/drone_control/lib/python3.10/site-packages:${PYTHONPATH} /usr/bin/python3 -W ignore:setup.py install is deprecated -W ignore:easy_install command is deprecated setup.py egg_info --egg-base ../../build/drone_control build --build-base /workspace/build/drone_control/build install --record /workspace/build/drone_control/install.log --install-scripts $base/lib/drone_control --single-version-externally-managed install_data
