[0.637s] Invoking command in '/workspace/src/drone_control': PYTHONPATH=/workspace/build/drone_control/prefix_override:/usr/lib/python3/dist-packages/colcon_core/task/python/colcon_distutils_commands:/workspace/install/drone_control/lib/python3.10/site-packages:${PYTHONPATH} /usr/bin/python3 -W ignore:setup.py install is deprecated -W ignore:easy_install command is deprecated setup.py egg_info --egg-base ../../build/drone_control build --build-base /workspace/build/drone_control/build install --record /workspace/build/drone_control/install.log --install-scripts $base/lib/drone_control --single-version-externally-managed install_data
[0.799s] running egg_info
[0.806s] writing ../../build/drone_control/drone_control.egg-info/PKG-INFO
[0.807s] writing dependency_links to ../../build/drone_control/drone_control.egg-info/dependency_links.txt
[0.807s] writing requirements to ../../build/drone_control/drone_control.egg-info/requires.txt
[0.807s] writing top-level names to ../../build/drone_control/drone_control.egg-info/top_level.txt
[0.826s] reading manifest file '../../build/drone_control/drone_control.egg-info/SOURCES.txt'
[0.827s] writing manifest file '../../build/drone_control/drone_control.egg-info/SOURCES.txt'
[0.827s] running build
[0.827s] running build_py
[0.827s] running install
[0.830s] running install_lib
[0.838s] running install_data
[0.838s] copying config/slam_toolbox.yaml -> /workspace/install/drone_control/share/drone_control/config
[0.838s] running install_egg_info
[0.847s] removing '/workspace/install/drone_control/lib/python3.10/site-packages/drone_control-0.1.0-py3.10.egg-info' (and everything under it)
[0.847s] Copying ../../build/drone_control/drone_control.egg-info to /workspace/install/drone_control/lib/python3.10/site-packages/drone_control-0.1.0-py3.10.egg-info
[0.848s] running install_scripts
[0.866s] writing list of installed files to '/workspace/build/drone_control/install.log'
[0.896s] Invoked command in '/workspace/src/drone_control' returned '0': PYTHONPATH=/workspace/build/drone_control/prefix_override:/usr/lib/python3/dist-packages/colcon_core/task/python/colcon_distutils_commands:/workspace/install/drone_control/lib/python3.10/site-packages:${PYTHONPATH} /usr/bin/python3 -W ignore:setup.py install is deprecated -W ignore:easy_install command is deprecated setup.py egg_info --egg-base ../../build/drone_control build --build-base /workspace/build/drone_control/build install --record /workspace/build/drone_control/install.log --install-scripts $base/lib/drone_control --single-version-externally-managed install_data
