[0.627s] Invoking command in '/workspace/src/lidar_processing': PYTHONPATH=/workspace/build/lidar_processing/prefix_override:/usr/lib/python3/dist-packages/colcon_core/task/python/colcon_distutils_commands:/workspace/install/lidar_processing/lib/python3.10/site-packages:${PYTHONPATH} /usr/bin/python3 -W ignore:setup.py install is deprecated -W ignore:easy_install command is deprecated setup.py egg_info --egg-base ../../build/lidar_processing build --build-base /workspace/build/lidar_processing/build install --record /workspace/build/lidar_processing/install.log --install-scripts $base/lib/lidar_processing --single-version-externally-managed install_data
[0.790s] running egg_info
[0.797s] writing ../../build/lidar_processing/lidar_processing.egg-info/PKG-INFO
[0.797s] writing dependency_links to ../../build/lidar_processing/lidar_processing.egg-info/dependency_links.txt
[0.797s] writing entry points to ../../build/lidar_processing/lidar_processing.egg-info/entry_points.txt
[0.798s] writing requirements to ../../build/lidar_processing/lidar_processing.egg-info/requires.txt
[0.798s] writing top-level names to ../../build/lidar_processing/lidar_processing.egg-info/top_level.txt
[0.816s] reading manifest file '../../build/lidar_processing/lidar_processing.egg-info/SOURCES.txt'
[0.817s] writing manifest file '../../build/lidar_processing/lidar_processing.egg-info/SOURCES.txt'
[0.817s] running build
[0.817s] running build_py
[0.818s] running install
[0.820s] running install_lib
[0.828s] running install_data
[0.829s] running install_egg_info
[0.838s] removing '/workspace/install/lidar_processing/lib/python3.10/site-packages/lidar_processing-0.0.1-py3.10.egg-info' (and everything under it)
[0.838s] Copying ../../build/lidar_processing/lidar_processing.egg-info to /workspace/install/lidar_processing/lib/python3.10/site-packages/lidar_processing-0.0.1-py3.10.egg-info
[0.838s] running install_scripts
[0.856s] Installing lidar_tilt_stabilizer_node script to /workspace/install/lidar_processing/lib/lidar_processing
[0.857s] writing list of installed files to '/workspace/build/lidar_processing/install.log'
[0.893s] Invoked command in '/workspace/src/lidar_processing' returned '0': PYTHONPATH=/workspace/build/lidar_processing/prefix_override:/usr/lib/python3/dist-packages/colcon_core/task/python/colcon_distutils_commands:/workspace/install/lidar_processing/lib/python3.10/site-packages:${PYTHONPATH} /usr/bin/python3 -W ignore:setup.py install is deprecated -W ignore:easy_install command is deprecated setup.py egg_info --egg-base ../../build/lidar_processing build --build-base /workspace/build/lidar_processing/build install --record /workspace/build/lidar_processing/install.log --install-scripts $base/lib/lidar_processing --single-version-externally-managed install_data
